{
	"tables": [
		{
			"key": "multi_keys",
			"schema": "",
			"name": "multi_keys",
			"columns": [
				{
					"name": "id",
					"db_type": "int",
					"default": "AUTO_INCREMENT",
					"comment": "",
					"nullable": false,
					"generated": false,
					"autoincr": true,
					"domain_name": "",
					"type": "int"
				},
				{
					"name": "user_id",
					"db_type": "int",
					"default": "",
					"comment": "",
					"nullable": false,
					"generated": false,
					"autoincr": false,
					"domain_name": "",
					"type": "int"
				},
				{
					"name": "sponsor_id",
					"db_type": "int",
					"default": "",
					"comment": "",
					"nullable": true,
					"generated": false,
					"autoincr": false,
					"domain_name": "",
					"type": "int"
				},
				{
					"name": "something",
					"db_type": "int",
					"default": "",
					"comment": "",
					"nullable": true,
					"generated": false,
					"autoincr": false,
					"domain_name": "",
					"type": "int"
				},
				{
					"name": "another",
					"db_type": "int",
					"default": "",
					"comment": "",
					"nullable": true,
					"generated": false,
					"autoincr": false,
					"domain_name": "",
					"type": "int"
				},
				{
					"name": "one",
					"db_type": "int",
					"default": "",
					"comment": "",
					"nullable": true,
					"generated": false,
					"autoincr": false,
					"domain_name": "",
					"type": "int"
				},
				{
					"name": "two",
					"db_type": "int",
					"default": "",
					"comment": "",
					"nullable": false,
					"generated": false,
					"autoincr": false,
					"domain_name": "",
					"type": "int"
				}
			],
			"constraints": {
				"primary": {
					"name": "PRIMARY",
					"columns": [
						"id"
					]
				},
				"foreign": [
					{
						"name": "multi_keys_ibfk_1",
						"columns": [
							"one",
							"two"
						],
						"foreign_table": "type_monsters",
						"foreign_columns": [
							"int_one",
							"int_two"
						]
					}
				],
				"uniques": [
					{
						"name": "something",
						"columns": [
							"something",
							"another"
						]
					},
					{
						"name": "sponsor_id",
						"columns": [
							"sponsor_id"
						]
					}
				]
			}
		},
		{
			"key": "sponsors",
			"schema": "",
			"name": "sponsors",
			"columns": [
				{
					"name": "id",
					"db_type": "int",
					"default": "AUTO_INCREMENT",
					"comment": "",
					"nullable": false,
					"generated": false,
					"autoincr": true,
					"domain_name": "",
					"type": "int"
				}
			],
			"constraints": {
				"primary": {
					"name": "PRIMARY",
					"columns": [
						"id"
					]
				},
				"foreign": null,
				"uniques": null
			}
		},
		{
			"key": "tags",
			"schema": "",
			"name": "tags",
			"columns": [
				{
					"name": "id",
					"db_type": "int",
					"default": "AUTO_INCREMENT",
					"comment": "",
					"nullable": false,
					"generated": false,
					"autoincr": true,
					"domain_name": "",
					"type": "int"
				}
			],
			"constraints": {
				"primary": {
					"name": "PRIMARY",
					"columns": [
						"id"
					]
				},
				"foreign": null,
				"uniques": null
			}
		},
		{
			"key": "type_monsters",
			"schema": "",
			"name": "type_monsters",
			"columns": [
				{
					"name": "id",
					"db_type": "int",
					"default": "AUTO_INCREMENT",
					"comment": "comment on ID",
					"nullable": false,
					"generated": false,
					"autoincr": true,
					"domain_name": "",
					"type": "int"
				},
				{
					"name": "enum_use",
					"db_type": "enum",
					"default": "",
					"comment": "",
					"nullable": false,
					"generated": false,
					"autoincr": false,
					"domain_name": "",
					"type": "TypeMonstersEnumUse"
				},
				{
					"name": "enum_nullable",
					"db_type": "enum",
					"default": "",
					"comment": "",
					"nullable": true,
					"generated": false,
					"autoincr": false,
					"domain_name": "",
					"type": "TypeMonstersEnumNullable"
				},
				{
					"name": "id_two",
					"db_type": "int",
					"default": "",
					"comment": "",
					"nullable": false,
					"generated": false,
					"autoincr": false,
					"domain_name": "",
					"type": "int"
				},
				{
					"name": "id_three",
					"db_type": "int",
					"default": "",
					"comment": "",
					"nullable": true,
					"generated": false,
					"autoincr": false,
					"domain_name": "",
					"type": "int"
				},
				{
					"name": "bool_zero",
					"db_type": "bool",
					"default": "",
					"comment": "",
					"nullable": true,
					"generated": false,
					"autoincr": false,
					"domain_name": "",
					"type": "bool"
				},
				{
					"name": "bool_one",
					"db_type": "bool",
					"default": "",
					"comment": "",
					"nullable": true,
					"generated": false,
					"autoincr": false,
					"domain_name": "",
					"type": "bool"
				},
				{
					"name": "bool_two",
					"db_type": "bool",
					"default": "",
					"comment": "",
					"nullable": false,
					"generated": false,
					"autoincr": false,
					"domain_name": "",
					"type": "bool"
				},
				{
					"name": "bool_three",
					"db_type": "bool",
					"default": "0",
					"comment": "",
					"nullable": true,
					"generated": false,
					"autoincr": false,
					"domain_name": "",
					"type": "bool"
				},
				{
					"name": "bool_four",
					"db_type": "bool",
					"default": "1",
					"comment": "",
					"nullable": true,
					"generated": false,
					"autoincr": false,
					"domain_name": "",
					"type": "bool"
				},
				{
					"name": "bool_five",
					"db_type": "bool",
					"default": "0",
					"comment": "",
					"nullable": false,
					"generated": false,
					"autoincr": false,
					"domain_name": "",
					"type": "bool"
				},
				{
					"name": "bool_six",
					"db_type": "bool",
					"default": "1",
					"comment": "",
					"nullable": false,
					"generated": false,
					"autoincr": false,
					"domain_name": "",
					"type": "bool"
				},
				{
					"name": "string_zero",
					"db_type": "varchar",
					"default": "",
					"comment": "",
					"nullable": true,
					"generated": false,
					"autoincr": false,
					"domain_name": "",
					"type": "string"
				},
				{
					"name": "string_one",
					"db_type": "varchar",
					"default": "",
					"comment": "",
					"nullable": true,
					"generated": false,
					"autoincr": false,
					"domain_name": "",
					"type": "string"
				},
				{
					"name": "string_two",
					"db_type": "varchar",
					"default": "",
					"comment": "",
					"nullable": false,
					"generated": false,
					"autoincr": false,
					"domain_name": "",
					"type": "string"
				},
				{
					"name": "string_three",
					"db_type": "varchar",
					"default": "a",
					"comment": "",
					"nullable": true,
					"generated": false,
					"autoincr": false,
					"domain_name": "",
					"type": "string"
				},
				{
					"name": "string_four",
					"db_type": "varchar",
					"default": "b",
					"comment": "",
					"nullable": false,
					"generated": false,
					"autoincr": false,
					"domain_name": "",
					"type": "string"
				},
				{
					"name": "string_five",
					"db_type": "varchar",
					"default": "",
					"comment": "",
					"nullable": true,
					"generated": false,
					"autoincr": false,
					"domain_name": "",
					"type": "string"
				},
				{
					"name": "string_six",
					"db_type": "varchar",
					"default": "",
					"comment": "",
					"nullable": true,
					"generated": false,
					"autoincr": false,
					"domain_name": "",
					"type": "string"
				},
				{
					"name": "string_seven",
					"db_type": "varchar",
					"default": "",
					"comment": "",
					"nullable": false,
					"generated": false,
					"autoincr": false,
					"domain_name": "",
					"type": "string"
				},
				{
					"name": "string_eight",
					"db_type": "varchar",
					"default": "abcdefgh",
					"comment": "",
					"nullable": true,
					"generated": false,
					"autoincr": false,
					"domain_name": "",
					"type": "string"
				},
				{
					"name": "string_nine",
					"db_type": "varchar",
					"default": "abcdefgh",
					"comment": "",
					"nullable": false,
					"generated": false,
					"autoincr": false,
					"domain_name": "",
					"type": "string"
				},
				{
					"name": "string_ten",
					"db_type": "varchar",
					"default": "",
					"comment": "",
					"nullable": true,
					"generated": false,
					"autoincr": false,
					"domain_name": "",
					"type": "string"
				},
				{
					"name": "string_eleven",
					"db_type": "varchar",
					"default": "",
					"comment": "",
					"nullable": false,
					"generated": false,
					"autoincr": false,
					"domain_name": "",
					"type": "string"
				},
				{
					"name": "big_int_zero",
					"db_type": "bigint",
					"default": "",
					"comment": "",
					"nullable": true,
					"generated": false,
					"autoincr": false,
					"domain_name": "",
					"type": "int64"
				},
				{
					"name": "big_int_one",
					"db_type": "bigint",
					"default": "",
					"comment": "",
					"nullable": true,
					"generated": false,
					"autoincr": false,
					"domain_name": "",
					"type": "int64"
				},
				{
					"name": "big_int_two",
					"db_type": "bigint",
					"default": "",
					"comment": "",
					"nullable": false,
					"generated": false,
					"autoincr": false,
					"domain_name": "",
					"type": "int64"
				},
				{
					"name": "big_int_three",
					"db_type": "bigint",
					"default": "111111",
					"comment": "",
					"nullable": true,
					"generated": false,
					"autoincr": false,
					"domain_name": "",
					"type": "int64"
				},
				{
					"name": "big_int_four",
					"db_type": "bigint",
					"default": "222222",
					"comment": "",
					"nullable": false,
					"generated": false,
					"autoincr": false,
					"domain_name": "",
					"type": "int64"
				},
				{
					"name": "big_int_five",
					"db_type": "bigint",
					"default": "0",
					"comment": "",
					"nullable": true,
					"generated": false,
					"autoincr": false,
					"domain_name": "",
					"type": "int64"
				},
				{
					"name": "big_int_six",
					"db_type": "bigint",
					"default": "0",
					"comment": "",
					"nullable": false,
					"generated": false,
					"autoincr": false,
					"domain_name": "",
					"type": "int64"
				},
				{
					"name": "big_int_seven",
					"db_type": "bigint",
					"default": "",
					"comment": "",
					"nullable": false,
					"generated": false,
					"autoincr": false,
					"domain_name": "",
					"type": "uint64"
				},
				{
					"name": "big_int_eight",
					"db_type": "bigint",
					"default": "",
					"comment": "",
					"nullable": true,
					"generated": false,
					"autoincr": false,
					"domain_name": "",
					"type": "uint64"
				},
				{
					"name": "int_zero",
					"db_type": "int",
					"default": "",
					"comment": "",
					"nullable": true,
					"generated": false,
					"autoincr": false,
					"domain_name": "",
					"type": "int"
				},
				{
					"name": "int_one",
					"db_type": "int",
					"default": "",
					"comment": "",
					"nullable": true,
					"generated": false,
					"autoincr": false,
					"domain_name": "",
					"type": "int"
				},
				{
					"name": "int_two",
					"db_type": "int",
					"default": "",
					"comment": "",
					"nullable": false,
					"generated": false,
					"autoincr": false,
					"domain_name": "",
					"type": "int"
				},
				{
					"name": "int_three",
					"db_type": "int",
					"default": "333333",
					"comment": "",
					"nullable": true,
					"generated": false,
					"autoincr": false,
					"domain_name": "",
					"type": "int"
				},
				{
					"name": "int_four",
					"db_type": "int",
					"default": "444444",
					"comment": "",
					"nullable": false,
					"generated": false,
					"autoincr": false,
					"domain_name": "",
					"type": "int"
				},
				{
					"name": "int_five",
					"db_type": "int",
					"default": "0",
					"comment": "",
					"nullable": true,
					"generated": false,
					"autoincr": false,
					"domain_name": "",
					"type": "int"
				},
				{
					"name": "int_six",
					"db_type": "int",
					"default": "0",
					"comment": "",
					"nullable": false,
					"generated": false,
					"autoincr": false,
					"domain_name": "",
					"type": "int"
				},
				{
					"name": "int_seven",
					"db_type": "int",
					"default": "",
					"comment": "",
					"nullable": false,
					"generated": false,
					"autoincr": false,
					"domain_name": "",
					"type": "uint"
				},
				{
					"name": "int_eight",
					"db_type": "int",
					"default": "",
					"comment": "",
					"nullable": true,
					"generated": false,
					"autoincr": false,
					"domain_name": "",
					"type": "uint"
				},
				{
					"name": "float_zero",
					"db_type": "float",
					"default": "",
					"comment": "",
					"nullable": true,
					"generated": false,
					"autoincr": false,
					"domain_name": "",
					"type": "float32"
				},
				{
					"name": "float_one",
					"db_type": "float",
					"default": "",
					"comment": "",
					"nullable": true,
					"generated": false,
					"autoincr": false,
					"domain_name": "",
					"type": "float32"
				},
				{
					"name": "float_two",
					"db_type": "float",
					"default": "",
					"comment": "",
					"nullable": true,
					"generated": false,
					"autoincr": false,
					"domain_name": "",
					"type": "float32"
				},
				{
					"name": "float_three",
					"db_type": "float",
					"default": "",
					"comment": "",
					"nullable": true,
					"generated": false,
					"autoincr": false,
					"domain_name": "",
					"type": "float32"
				},
				{
					"name": "float_four",
					"db_type": "float",
					"default": "",
					"comment": "",
					"nullable": true,
					"generated": false,
					"autoincr": false,
					"domain_name": "",
					"type": "float32"
				},
				{
					"name": "float_five",
					"db_type": "float",
					"default": "",
					"comment": "",
					"nullable": false,
					"generated": false,
					"autoincr": false,
					"domain_name": "",
					"type": "float32"
				},
				{
					"name": "float_six",
					"db_type": "float",
					"default": "1.1",
					"comment": "",
					"nullable": true,
					"generated": false,
					"autoincr": false,
					"domain_name": "",
					"type": "float32"
				},
				{
					"name": "float_seven",
					"db_type": "float",
					"default": "1.1",
					"comment": "",
					"nullable": false,
					"generated": false,
					"autoincr": false,
					"domain_name": "",
					"type": "float32"
				},
				{
					"name": "float_eight",
					"db_type": "float",
					"default": "0.0",
					"comment": "",
					"nullable": true,
					"generated": false,
					"autoincr": false,
					"domain_name": "",
					"type": "float32"
				},
				{
					"name": "float_nine",
					"db_type": "float",
					"default": "0.0",
					"comment": "",
					"nullable": true,
					"generated": false,
					"autoincr": false,
					"domain_name": "",
					"type": "float32"
				},
				{
					"name": "bytea_zero",
					"db_type": "binary",
					"default": "",
					"comment": "",
					"nullable": true,
					"generated": false,
					"autoincr": false,
					"domain_name": "",
					"type": "[]byte"
				},
				{
					"name": "bytea_one",
					"db_type": "binary",
					"default": "",
					"comment": "",
					"nullable": true,
					"generated": false,
					"autoincr": false,
					"domain_name": "",
					"type": "[]byte"
				},
				{
					"name": "bytea_two",
					"db_type": "binary",
					"default": "",
					"comment": "",
					"nullable": false,
					"generated": false,
					"autoincr": false,
					"domain_name": "",
					"type": "[]byte"
				},
				{
					"name": "bytea_three",
					"db_type": "binary",
					"default": "0x61",
					"comment": "",
					"nullable": false,
					"generated": false,
					"autoincr": false,
					"domain_name": "",
					"type": "[]byte"
				},
				{
					"name": "bytea_four",
					"db_type": "binary",
					"default": "0x62",
					"comment": "",
					"nullable": true,
					"generated": false,
					"autoincr": false,
					"domain_name": "",
					"type": "[]byte"
				},
				{
					"name": "bytea_five",
					"db_type": "binary",
					"default": "0x616263646566676861626364656667686162636465666768",
					"comment": "",
					"nullable": false,
					"generated": false,
					"autoincr": false,
					"domain_name": "",
					"type": "[]byte"
				},
				{
					"name": "bytea_six",
					"db_type": "binary",
					"default": "0x686766656463626168676665646362616867666564636261",
					"comment": "",
					"nullable": true,
					"generated": false,
					"autoincr": false,
					"domain_name": "",
					"type": "[]byte"
				},
				{
					"name": "bytea_seven",
					"db_type": "binary",
					"default": "0x",
					"comment": "",
					"nullable": false,
					"generated": false,
					"autoincr": false,
					"domain_name": "",
					"type": "[]byte"
				},
				{
					"name": "bytea_eight",
					"db_type": "binary",
					"default": "0x",
					"comment": "",
					"nullable": false,
					"generated": false,
					"autoincr": false,
					"domain_name": "",
					"type": "[]byte"
				},
				{
					"name": "time_zero",
					"db_type": "timestamp",
					"default": "",
					"comment": "",
					"nullable": true,
					"generated": false,
					"autoincr": false,
					"domain_name": "",
					"type": "time.Time"
				},
				{
					"name": "time_one",
					"db_type": "date",
					"default": "",
					"comment": "",
					"nullable": true,
					"generated": false,
					"autoincr": false,
					"domain_name": "",
					"type": "time.Time"
				},
				{
					"name": "time_two",
					"db_type": "timestamp",
					"default": "",
					"comment": "",
					"nullable": true,
					"generated": false,
					"autoincr": false,
					"domain_name": "",
					"type": "time.Time"
				},
				{
					"name": "time_three",
					"db_type": "timestamp",
					"default": "",
					"comment": "",
					"nullable": true,
					"generated": false,
					"autoincr": false,
					"domain_name": "",
					"type": "time.Time"
				},
				{
					"name": "time_five",
					"db_type": "timestamp",
					"default": "CURRENT_TIMESTAMP",
					"comment": "",
					"nullable": true,
					"generated": false,
					"autoincr": false,
					"domain_name": "",
					"type": "time.Time"
				},
				{
					"name": "time_nine",
					"db_type": "timestamp",
					"default": "CURRENT_TIMESTAMP",
					"comment": "",
					"nullable": false,
					"generated": false,
					"autoincr": false,
					"domain_name": "",
					"type": "time.Time"
				},
				{
					"name": "time_eleven",
					"db_type": "date",
					"default": "",
					"comment": "",
					"nullable": true,
					"generated": false,
					"autoincr": false,
					"domain_name": "",
					"type": "time.Time"
				},
				{
					"name": "time_twelve",
					"db_type": "date",
					"default": "",
					"comment": "",
					"nullable": false,
					"generated": false,
					"autoincr": false,
					"domain_name": "",
					"type": "time.Time"
				},
				{
					"name": "time_fifteen",
					"db_type": "date",
					"default": "1999-01-08",
					"comment": "",
					"nullable": true,
					"generated": false,
					"autoincr": false,
					"domain_name": "",
					"type": "time.Time"
				},
				{
					"name": "time_sixteen",
					"db_type": "date",
					"default": "1999-01-08",
					"comment": "",
					"nullable": false,
					"generated": false,
					"autoincr": false,
					"domain_name": "",
					"type": "time.Time"
				},
				{
					"name": "json_null",
					"db_type": "json",
					"default": "",
					"comment": "",
					"nullable": true,
					"generated": false,
					"autoincr": false,
					"domain_name": "",
					"type": "types.JSON[json.RawMessage]"
				},
				{
					"name": "json_nnull",
					"db_type": "json",
					"default": "",
					"comment": "",
					"nullable": false,
					"generated": false,
					"autoincr": false,
					"domain_name": "",
					"type": "types.JSON[json.RawMessage]"
				},
				{
					"name": "tinyint_null",
					"db_type": "tinyint",
					"default": "",
					"comment": "",
					"nullable": true,
					"generated": false,
					"autoincr": false,
					"domain_name": "",
					"type": "int8"
				},
				{
					"name": "tinyint_nnull",
					"db_type": "tinyint",
					"default": "",
					"comment": "",
					"nullable": false,
					"generated": false,
					"autoincr": false,
					"domain_name": "",
					"type": "int8"
				},
				{
					"name": "tinyint1_null",
					"db_type": "bool",
					"default": "",
					"comment": "",
					"nullable": true,
					"generated": false,
					"autoincr": false,
					"domain_name": "",
					"type": "bool"
				},
				{
					"name": "tinyint1_nnull",
					"db_type": "bool",
					"default": "",
					"comment": "",
					"nullable": false,
					"generated": false,
					"autoincr": false,
					"domain_name": "",
					"type": "bool"
				},
				{
					"name": "tinyint2_null",
					"db_type": "tinyint",
					"default": "",
					"comment": "",
					"nullable": true,
					"generated": false,
					"autoincr": false,
					"domain_name": "",
					"type": "int8"
				},
				{
					"name": "tinyint2_nnull",
					"db_type": "tinyint",
					"default": "",
					"comment": "",
					"nullable": false,
					"generated": false,
					"autoincr": false,
					"domain_name": "",
					"type": "int8"
				},
				{
					"name": "smallint_null",
					"db_type": "smallint",
					"default": "",
					"comment": "",
					"nullable": true,
					"generated": false,
					"autoincr": false,
					"domain_name": "",
					"type": "int16"
				},
				{
					"name": "smallint_nnull",
					"db_type": "smallint",
					"default": "",
					"comment": "",
					"nullable": false,
					"generated": false,
					"autoincr": false,
					"domain_name": "",
					"type": "int16"
				},
				{
					"name": "mediumint_null",
					"db_type": "mediumint",
					"default": "",
					"comment": "",
					"nullable": true,
					"generated": false,
					"autoincr": false,
					"domain_name": "",
					"type": "int32"
				},
				{
					"name": "mediumint_nnull",
					"db_type": "mediumint",
					"default": "",
					"comment": "",
					"nullable": false,
					"generated": false,
					"autoincr": false,
					"domain_name": "",
					"type": "int32"
				},
				{
					"name": "bigint_null",
					"db_type": "bigint",
					"default": "",
					"comment": "",
					"nullable": true,
					"generated": false,
					"autoincr": false,
					"domain_name": "",
					"type": "int64"
				},
				{
					"name": "bigint_nnull",
					"db_type": "bigint",
					"default": "",
					"comment": "",
					"nullable": false,
					"generated": false,
					"autoincr": false,
					"domain_name": "",
					"type": "int64"
				},
				{
					"name": "float_null",
					"db_type": "float",
					"default": "",
					"comment": "",
					"nullable": true,
					"generated": false,
					"autoincr": false,
					"domain_name": "",
					"type": "float32"
				},
				{
					"name": "float_nnull",
					"db_type": "float",
					"default": "",
					"comment": "",
					"nullable": false,
					"generated": false,
					"autoincr": false,
					"domain_name": "",
					"type": "float32"
				},
				{
					"name": "double_null",
					"db_type": "double",
					"default": "",
					"comment": "",
					"nullable": true,
					"generated": false,
					"autoincr": false,
					"domain_name": "",
					"type": "float64"
				},
				{
					"name": "double_nnull",
					"db_type": "double",
					"default": "",
					"comment": "",
					"nullable": false,
					"generated": false,
					"autoincr": false,
					"domain_name": "",
					"type": "float64"
				},
				{
					"name": "doubleprec_null",
					"db_type": "double",
					"default": "",
					"comment": "",
					"nullable": true,
					"generated": false,
					"autoincr": false,
					"domain_name": "",
					"type": "float64"
				},
				{
					"name": "doubleprec_nnull",
					"db_type": "double",
					"default": "",
					"comment": "",
					"nullable": false,
					"generated": false,
					"autoincr": false,
					"domain_name": "",
					"type": "float64"
				},
				{
					"name": "real_null",
					"db_type": "double",
					"default": "",
					"comment": "",
					"nullable": true,
					"generated": false,
					"autoincr": false,
					"domain_name": "",
					"type": "float64"
				},
				{
					"name": "real_nnull",
					"db_type": "double",
					"default": "",
					"comment": "",
					"nullable": false,
					"generated": false,
					"autoincr": false,
					"domain_name": "",
					"type": "float64"
				},
				{
					"name": "boolean_null",
					"db_type": "bool",
					"default": "",
					"comment": "",
					"nullable": true,
					"generated": false,
					"autoincr": false,
					"domain_name": "",
					"type": "bool"
				},
				{
					"name": "boolean_nnull",
					"db_type": "bool",
					"default": "",
					"comment": "",
					"nullable": false,
					"generated": false,
					"autoincr": false,
					"domain_name": "",
					"type": "bool"
				},
				{
					"name": "date_null",
					"db_type": "date",
					"default": "",
					"comment": "",
					"nullable": true,
					"generated": false,
					"autoincr": false,
					"domain_name": "",
					"type": "time.Time"
				},
				{
					"name": "date_nnull",
					"db_type": "date",
					"default": "",
					"comment": "",
					"nullable": false,
					"generated": false,
					"autoincr": false,
					"domain_name": "",
					"type": "time.Time"
				},
				{
					"name": "datetime_null",
					"db_type": "datetime",
					"default": "",
					"comment": "",
					"nullable": true,
					"generated": false,
					"autoincr": false,
					"domain_name": "",
					"type": "time.Time"
				},
				{
					"name": "datetime_nnull",
					"db_type": "datetime",
					"default": "",
					"comment": "",
					"nullable": false,
					"generated": false,
					"autoincr": false,
					"domain_name": "",
					"type": "time.Time"
				},
				{
					"name": "timestamp_null",
					"db_type": "timestamp",
					"default": "",
					"comment": "",
					"nullable": true,
					"generated": false,
					"autoincr": false,
					"domain_name": "",
					"type": "time.Time"
				},
				{
					"name": "timestamp_nnull",
					"db_type": "timestamp",
					"default": "CURRENT_TIMESTAMP",
					"comment": "",
					"nullable": false,
					"generated": false,
					"autoincr": false,
					"domain_name": "",
					"type": "time.Time"
				},
				{
					"name": "binary_null",
					"db_type": "binary",
					"default": "",
					"comment": "",
					"nullable": true,
					"generated": false,
					"autoincr": false,
					"domain_name": "",
					"type": "[]byte"
				},
				{
					"name": "binary_nnull",
					"db_type": "binary",
					"default": "",
					"comment": "",
					"nullable": false,
					"generated": false,
					"autoincr": false,
					"domain_name": "",
					"type": "[]byte"
				},
				{
					"name": "varbinary_null",
					"db_type": "varbinary",
					"default": "",
					"comment": "",
					"nullable": true,
					"generated": false,
					"autoincr": false,
					"domain_name": "",
					"type": "[]byte"
				},
				{
					"name": "varbinary_nnull",
					"db_type": "varbinary",
					"default": "",
					"comment": "",
					"nullable": false,
					"generated": false,
					"autoincr": false,
					"domain_name": "",
					"type": "[]byte"
				},
				{
					"name": "tinyblob_null",
					"db_type": "tinyblob",
					"default": "",
					"comment": "",
					"nullable": true,
					"generated": false,
					"autoincr": false,
					"domain_name": "",
					"type": "[]byte"
				},
				{
					"name": "tinyblob_nnull",
					"db_type": "tinyblob",
					"default": "",
					"comment": "",
					"nullable": false,
					"generated": false,
					"autoincr": false,
					"domain_name": "",
					"type": "[]byte"
				},
				{
					"name": "blob_null",
					"db_type": "blob",
					"default": "",
					"comment": "",
					"nullable": true,
					"generated": false,
					"autoincr": false,
					"domain_name": "",
					"type": "[]byte"
				},
				{
					"name": "blob_nnull",
					"db_type": "blob",
					"default": "",
					"comment": "",
					"nullable": false,
					"generated": false,
					"autoincr": false,
					"domain_name": "",
					"type": "[]byte"
				},
				{
					"name": "mediumblob_null",
					"db_type": "mediumblob",
					"default": "",
					"comment": "",
					"nullable": true,
					"generated": false,
					"autoincr": false,
					"domain_name": "",
					"type": "[]byte"
				},
				{
					"name": "mediumblob_nnull",
					"db_type": "mediumblob",
					"default": "",
					"comment": "",
					"nullable": false,
					"generated": false,
					"autoincr": false,
					"domain_name": "",
					"type": "[]byte"
				},
				{
					"name": "longblob_null",
					"db_type": "longblob",
					"default": "",
					"comment": "",
					"nullable": true,
					"generated": false,
					"autoincr": false,
					"domain_name": "",
					"type": "[]byte"
				},
				{
					"name": "longblob_nnull",
					"db_type": "longblob",
					"default": "",
					"comment": "",
					"nullable": false,
					"generated": false,
					"autoincr": false,
					"domain_name": "",
					"type": "[]byte"
				},
				{
					"name": "varchar_null",
					"db_type": "varchar",
					"default": "",
					"comment": "",
					"nullable": true,
					"generated": false,
					"autoincr": false,
					"domain_name": "",
					"type": "string"
				},
				{
					"name": "varchar_nnull",
					"db_type": "varchar",
					"default": "",
					"comment": "",
					"nullable": false,
					"generated": false,
					"autoincr": false,
					"domain_name": "",
					"type": "string"
				},
				{
					"name": "char_null",
					"db_type": "char",
					"default": "",
					"comment": "",
					"nullable": true,
					"generated": false,
					"autoincr": false,
					"domain_name": "",
					"type": "string"
				},
				{
					"name": "char_nnull",
					"db_type": "char",
					"default": "",
					"comment": "",
					"nullable": false,
					"generated": false,
					"autoincr": false,
					"domain_name": "",
					"type": "string"
				},
				{
					"name": "text_null",
					"db_type": "text",
					"default": "",
					"comment": "",
					"nullable": true,
					"generated": false,
					"autoincr": false,
					"domain_name": "",
					"type": "string"
				},
				{
					"name": "text_nnull",
					"db_type": "text",
					"default": "",
					"comment": "",
					"nullable": false,
					"generated": false,
					"autoincr": false,
					"domain_name": "",
					"type": "string"
				},
				{
					"name": "virtual_nnull",
					"db_type": "text",
					"default": "AUTO_GENERATED",
					"comment": "",
					"nullable": false,
					"generated": true,
					"autoincr": false,
					"domain_name": "",
					"type": "string"
				},
				{
					"name": "virtual_null",
					"db_type": "text",
					"default": "AUTO_GENERATED",
					"comment": "",
					"nullable": true,
					"generated": true,
					"autoincr": false,
					"domain_name": "",
					"type": "string"
				},
				{
					"name": "generated_nnull",
					"db_type": "text",
					"default": "AUTO_GENERATED",
					"comment": "",
					"nullable": false,
					"generated": true,
					"autoincr": false,
					"domain_name": "",
					"type": "string"
				},
				{
					"name": "generated_null",
					"db_type": "text",
					"default": "AUTO_GENERATED",
					"comment": "",
					"nullable": true,
					"generated": true,
					"autoincr": false,
					"domain_name": "",
					"type": "string"
				}
			],
			"constraints": {
				"primary": {
					"name": "PRIMARY",
					"columns": [
						"id"
					]
				},
				"foreign": null,
				"uniques": null
			}
		},
		{
			"key": "user_videos",
			"schema": "",
			"name": "user_videos",
			"columns": [
				{
					"name": "user_id",
					"db_type": "int",
					"default": "0",
					"comment": "",
					"nullable": false,
					"generated": false,
					"autoincr": false,
					"domain_name": "",
					"type": "int"
				},
				{
					"name": "video_id",
					"db_type": "int",
					"default": "0",
					"comment": "",
					"nullable": false,
					"generated": false,
					"autoincr": false,
					"domain_name": "",
					"type": "int"
				},
				{
					"name": "sponsor_id",
					"db_type": "int",
					"default": "",
					"comment": "",
					"nullable": true,
					"generated": false,
					"autoincr": false,
					"domain_name": "",
					"type": "int"
				}
			],
			"constraints": {
				"primary": null,
				"foreign": null,
				"uniques": null
			}
		},
		{
			"key": "users",
			"schema": "",
			"name": "users",
			"columns": [
				{
					"name": "id",
					"db_type": "int",
					"default": "AUTO_INCREMENT",
					"comment": "",
					"nullable": false,
					"generated": false,
					"autoincr": true,
					"domain_name": "",
					"type": "int"
				}
			],
			"constraints": {
				"primary": {
					"name": "PRIMARY",
					"columns": [
						"id"
					]
				},
				"foreign": null,
				"uniques": null
			}
		},
		{
			"key": "video_tags",
			"schema": "",
			"name": "video_tags",
			"columns": [
				{
					"name": "video_id",
					"db_type": "int",
					"default": "",
					"comment": "",
					"nullable": false,
					"generated": false,
					"autoincr": false,
					"domain_name": "",
					"type": "int"
				},
				{
					"name": "tag_id",
					"db_type": "int",
					"default": "",
					"comment": "",
					"nullable": false,
					"generated": false,
					"autoincr": false,
					"domain_name": "",
					"type": "int"
				}
			],
			"constraints": {
				"primary": {
					"name": "PRIMARY",
					"columns": [
						"video_id",
						"tag_id"
					]
				},
				"foreign": [
					{
						"name": "video_tags_ibfk_1",
						"columns": [
							"video_id"
						],
						"foreign_table": "videos",
						"foreign_columns": [
							"id"
						]
					},
					{
						"name": "video_tags_ibfk_2",
						"columns": [
							"tag_id"
						],
						"foreign_table": "tags",
						"foreign_columns": [
							"id"
						]
					}
				],
				"uniques": null
			}
		},
		{
			"key": "videos",
			"schema": "",
			"name": "videos",
			"columns": [
				{
					"name": "id",
					"db_type": "int",
					"default": "AUTO_INCREMENT",
					"comment": "",
					"nullable": false,
					"generated": false,
					"autoincr": true,
					"domain_name": "",
					"type": "int"
				},
				{
					"name": "user_id",
					"db_type": "int",
					"default": "",
					"comment": "this is a comment",
					"nullable": false,
					"generated": false,
					"autoincr": false,
					"domain_name": "",
					"type": "int"
				},
				{
					"name": "sponsor_id",
					"db_type": "int",
					"default": "",
					"comment": "",
					"nullable": true,
					"generated": false,
					"autoincr": false,
					"domain_name": "",
					"type": "int"
				}
			],
			"constraints": {
				"primary": {
					"name": "PRIMARY",
					"columns": [
						"id"
					]
				},
				"foreign": [
					{
						"name": "videos_ibfk_1",
						"columns": [
							"user_id"
						],
						"foreign_table": "users",
						"foreign_columns": [
							"id"
						]
					},
					{
						"name": "videos_ibfk_2",
						"columns": [
							"sponsor_id"
						],
						"foreign_table": "sponsors",
						"foreign_columns": [
							"id"
						]
					}
				],
				"uniques": [
					{
						"name": "sponsor_id",
						"columns": [
							"sponsor_id"
						]
					}
				]
			}
		}
	],
	"enums": [
		{
			"Type": "TypeMonstersEnumNullable",
			"Values": [
				"monday",
				"tuesday",
				"wednesday",
				"thursday",
				"friday"
			]
		},
		{
			"Type": "TypeMonstersEnumUse",
			"Values": [
				"monday",
				"tuesday",
				"wednesday",
				"thursday",
				"friday"
			]
		}
	],
	"extra_info": null
}