{
  "tables": [
    {
      "key": "bar_qux",
      "schema": "",
      "name": "bar_qux",
      "columns": [
        {
          "name": "id",
          "db_type": "BIGINT",
          "default": "auto_increment",
          "comment": "",
          "nullable": false,
          "generated": false,
          "autoincr": false,
          "domain_name": "",
          "type": "int64",
          "type_limits": null
        },
        {
          "name": "secret_col",
          "db_type": "TEXT",
          "default": "",
          "comment": "",
          "nullable": false,
          "generated": false,
          "autoincr": false,
          "domain_name": "",
          "type": "string",
          "type_limits": null
        }
      ],
      "indexes": [
        {
          "type": "pk",
          "name": "pk_main_bar_qux",
          "columns": [
            {
              "name": "id",
              "desc": false,
              "is_expression": false
            }
          ],
          "unique": true,
          "comment": "",
          "extra": {
            "partial": false
          }
        }
      ],
      "constraints": {
        "primary": {
          "name": "pk_main_bar_qux",
          "columns": ["id"],
          "comment": "",
          "extra": null
        },
        "foreign": [],
        "uniques": null,
        "check": null
      },
      "comment": ""
    },
    {
      "key": "foo_qux",
      "schema": "",
      "name": "foo_qux",
      "columns": [
        {
          "name": "id",
          "db_type": "BIGINT",
          "default": "auto_increment",
          "comment": "",
          "nullable": false,
          "generated": false,
          "autoincr": false,
          "domain_name": "",
          "type": "int64",
          "type_limits": null
        },
        {
          "name": "secret_col",
          "db_type": "TEXT",
          "default": "",
          "comment": "",
          "nullable": false,
          "generated": false,
          "autoincr": false,
          "domain_name": "",
          "type": "string",
          "type_limits": null
        }
      ],
      "indexes": [
        {
          "type": "pk",
          "name": "pk_main_foo_qux",
          "columns": [
            {
              "name": "id",
              "desc": false,
              "is_expression": false
            }
          ],
          "unique": true,
          "comment": "",
          "extra": {
            "partial": false
          }
        }
      ],
      "constraints": {
        "primary": {
          "name": "pk_main_foo_qux",
          "columns": ["id"],
          "comment": "",
          "extra": null
        },
        "foreign": [],
        "uniques": null,
        "check": null
      },
      "comment": ""
    },
    {
      "key": "one.bar_qux",
      "schema": "one",
      "name": "bar_qux",
      "columns": [
        {
          "name": "id",
          "db_type": "BIGINT",
          "default": "auto_increment",
          "comment": "",
          "nullable": false,
          "generated": false,
          "autoincr": false,
          "domain_name": "",
          "type": "int64",
          "type_limits": null
        },
        {
          "name": "secret_col",
          "db_type": "TEXT",
          "default": "",
          "comment": "",
          "nullable": false,
          "generated": false,
          "autoincr": false,
          "domain_name": "",
          "type": "string",
          "type_limits": null
        }
      ],
      "indexes": [
        {
          "type": "pk",
          "name": "pk_one_bar_qux",
          "columns": [
            {
              "name": "id",
              "desc": false,
              "is_expression": false
            }
          ],
          "unique": true,
          "comment": "",
          "extra": {
            "partial": false
          }
        }
      ],
      "constraints": {
        "primary": {
          "name": "pk_one_bar_qux",
          "columns": ["id"],
          "comment": "",
          "extra": null
        },
        "foreign": [],
        "uniques": null,
        "check": null
      },
      "comment": ""
    },
    {
      "key": "one.foo_qux",
      "schema": "one",
      "name": "foo_qux",
      "columns": [
        {
          "name": "id",
          "db_type": "BIGINT",
          "default": "auto_increment",
          "comment": "",
          "nullable": false,
          "generated": false,
          "autoincr": false,
          "domain_name": "",
          "type": "int64",
          "type_limits": null
        },
        {
          "name": "secret_col",
          "db_type": "TEXT",
          "default": "",
          "comment": "",
          "nullable": false,
          "generated": false,
          "autoincr": false,
          "domain_name": "",
          "type": "string",
          "type_limits": null
        }
      ],
      "indexes": [
        {
          "type": "pk",
          "name": "pk_one_foo_qux",
          "columns": [
            {
              "name": "id",
              "desc": false,
              "is_expression": false
            }
          ],
          "unique": true,
          "comment": "",
          "extra": {
            "partial": false
          }
        }
      ],
      "constraints": {
        "primary": {
          "name": "pk_one_foo_qux",
          "columns": ["id"],
          "comment": "",
          "extra": null
        },
        "foreign": [],
        "uniques": null,
        "check": null
      },
      "comment": ""
    }
  ],
  "query_folders": [],
  "enums": null,
  "extra_info": null,
  "driver": "modernc.org/sqlite"
}
